// Jest Snapshot v1, https://goo.gl/fbAQLP

exports[`generator - java:build-tool with defaults options should match files snapshot 1`] = `{}`;
